[   11.609714] amdgpu 0000:01:00.0: BC-250 ih ring0: base=0x00006090 cntl=0x403301a1 rptr=0x00000000 wptr=0x00000000
[   11.609718] amdgpu 0000:01:00.0: BC-250 ih ring1: base=0x00000000 cntl=0x00000000 rptr=0x00000000 wptr=0x00000000
[   11.609720] amdgpu 0000:01:00.0: BC-250 ih ring2: base=0x00000000 cntl=0x00000000
[   11.609722] amdgpu 0000:01:00.0: BC-250 ih drop: cntl=0xffffffff dest=0xffffffff storm=0x00000000
[   11.609737] amdgpu 0000:01:00.0: BC-250 sdma0: SDMA0_CNTL antes=0x000400e2 depois=0x000400e3 TRAP_ENABLE=1
[   11.609757] amdgpu 0000:01:00.0: BC-250 sdma1: SDMA0_CNTL antes=0x000400e2 depois=0x000400e3 TRAP_ENABLE=1
[   11.611446] amdgpu 0000:01:00.0: BC-250 sdma iv: cid=8 src=224 ring=0 vmid=0 pasid=0 data0=0x0 (#1 na inst 0)
[   11.611479] amdgpu 0000:01:00.0: BC-250 sdma iv: cid=8 src=224 ring=0 vmid=0 pasid=0 data0=0x0 (#2 na inst 0)
[   11.611649] amdgpu 0000:01:00.0: BC-250 sdma iv: cid=8 src=224 ring=0 vmid=0 pasid=0 data0=0x0 (#3 na inst 0)
[   11.611665] amdgpu 0000:01:00.0: BC-250 sdma iv: cid=8 src=224 ring=0 vmid=0 pasid=0 data0=0x0 (#4 na inst 0)
[   11.703726] amdgpu 0000:01:00.0: BC-250 sdma iv: cid=8 src=224 ring=0 vmid=0 pasid=0 data0=0x0 (#5 na inst 0)
[   11.703758] amdgpu 0000:01:00.0: BC-250 sdma iv: cid=9 src=224 ring=0 vmid=0 pasid=0 data0=0x0 (#1 na inst 1)
[   11.706970] amdgpu 0000:01:00.0: BC-250 sdma iv: cid=8 src=224 ring=0 vmid=0 pasid=0 data0=0x0 (#6 na inst 0)
[   11.707097] amdgpu 0000:01:00.0: BC-250 sdma iv: cid=8 src=224 ring=0 vmid=0 pasid=0 data0=0x0 (#7 na inst 0)
[   11.707115] amdgpu 0000:01:00.0: BC-250 sdma iv: cid=8 src=224 ring=0 vmid=0 pasid=0 data0=0x0 (#8 na inst 0)
[   11.707195] amdgpu 0000:01:00.0: BC-250 sdma iv: cid=8 src=224 ring=0 vmid=0 pasid=0 data0=0x0 (#9 na inst 0)
[   11.707205] amdgpu 0000:01:00.0: BC-250 sdma iv: cid=8 src=224 ring=0 vmid=0 pasid=0 data0=0x0 (#10 na inst 0)
[   11.707251] amdgpu 0000:01:00.0: BC-250 sdma iv: cid=8 src=224 ring=0 vmid=0 pasid=0 data0=0x0 (#11 na inst 0)
[   11.707266] amdgpu 0000:01:00.0: BC-250 sdma iv: cid=8 src=224 ring=0 vmid=0 pasid=0 data0=0x0 (#12 na inst 0)
[   11.707273] amdgpu 0000:01:00.0: BC-250 sdma iv: cid=8 src=224 ring=0 vmid=0 pasid=0 data0=0x0 (#13 na inst 0)
[  203.703804] amdgpu 0000:01:00.0: BC-250 sdma iv: cid=8 src=224 ring=0 vmid=0 pasid=0 data0=0x0 (#14 na inst 0)
[  203.703865] amdgpu 0000:01:00.0: BC-250 sdma iv: cid=8 src=224 ring=0 vmid=0 pasid=0 data0=0x0 (#15 na inst 0)
[  203.785882] amdgpu 0000:01:00.0: BC-250 sdma iv: cid=8 src=224 ring=0 vmid=0 pasid=0 data0=0x0 (#16 na inst 0)
[  203.785899] amdgpu 0000:01:00.0: BC-250 sdma iv: cid=8 src=224 ring=0 vmid=0 pasid=0 data0=0x0 (#17 na inst 0)
[  203.786311] amdgpu 0000:01:00.0: BC-250 sdma iv: cid=8 src=224 ring=0 vmid=0 pasid=0 data0=0x0 (#18 na inst 0)
[  203.786319] amdgpu 0000:01:00.0: BC-250 sdma iv: cid=8 src=224 ring=0 vmid=0 pasid=0 data0=0x0 (#19 na inst 0)
[  203.786486] amdgpu 0000:01:00.0: BC-250 sdma iv: cid=8 src=224 ring=0 vmid=0 pasid=0 data0=0x0 (#20 na inst 0)
[  203.786758] amdgpu 0000:01:00.0: BC-250 sdma iv: cid=8 src=224 ring=0 vmid=0 pasid=0 data0=0x0 (#21 na inst 0)
[  203.786768] amdgpu 0000:01:00.0: BC-250 sdma iv: cid=8 src=224 ring=0 vmid=0 pasid=0 data0=0x0 (#22 na inst 0)
[  203.786906] amdgpu 0000:01:00.0: BC-250 sdma iv: cid=8 src=224 ring=0 vmid=0 pasid=0 data0=0x0 (#23 na inst 0)
[  203.786918] amdgpu 0000:01:00.0: BC-250 sdma iv: cid=8 src=224 ring=0 vmid=0 pasid=0 data0=0x0 (#24 na inst 0)
[  203.786957] amdgpu 0000:01:00.0: BC-250 sdma iv: cid=8 src=224 ring=0 vmid=0 pasid=0 data0=0x0 (#25 na inst 0)
[  203.786968] amdgpu 0000:01:00.0: BC-250 sdma iv: cid=8 src=224 ring=0 vmid=0 pasid=0 data0=0x0 (#26 na inst 0)
[  203.786982] amdgpu 0000:01:00.0: BC-250 sdma iv: cid=8 src=224 ring=0 vmid=0 pasid=0 data0=0x0 (#27 na inst 0)
[  203.786993] amdgpu 0000:01:00.0: BC-250 sdma iv: cid=8 src=224 ring=0 vmid=0 pasid=0 data0=0x0 (#28 na inst 0)
[  203.787001] amdgpu 0000:01:00.0: BC-250 sdma iv: cid=8 src=224 ring=0 vmid=0 pasid=0 data0=0x0 (#29 na inst 0)
[  203.787012] amdgpu 0000:01:00.0: BC-250 sdma iv: cid=8 src=224 ring=0 vmid=0 pasid=0 data0=0x0 (#30 na inst 0)
[  203.787019] amdgpu 0000:01:00.0: BC-250 sdma iv: cid=8 src=224 ring=0 vmid=0 pasid=0 data0=0x0 (#31 na inst 0)
[  203.787030] amdgpu 0000:01:00.0: BC-250 sdma iv: cid=8 src=224 ring=0 vmid=0 pasid=0 data0=0x0 (#32 na inst 0)
[  203.787036] amdgpu 0000:01:00.0: BC-250 sdma iv: cid=8 src=224 ring=0 vmid=0 pasid=0 data0=0x0 (#33 na inst 0)
[  203.787118] amdgpu 0000:01:00.0: BC-250 sdma iv: cid=8 src=224 ring=0 vmid=0 pasid=0 data0=0x0 (#34 na inst 0)
[  203.787128] amdgpu 0000:01:00.0: BC-250 sdma iv: cid=8 src=224 ring=0 vmid=0 pasid=0 data0=0x0 (#35 na inst 0)
[  203.787135] amdgpu 0000:01:00.0: BC-250 sdma iv: cid=8 src=224 ring=0 vmid=0 pasid=0 data0=0x0 (#36 na inst 0)
[  203.787743] amdgpu 0000:01:00.0: BC-250 sdma iv: cid=8 src=224 ring=0 vmid=0 pasid=0 data0=0x0 (#37 na inst 0)
[  203.792016] amdgpu 0000:01:00.0: BC-250 sdma iv: cid=8 src=224 ring=0 vmid=0 pasid=0 data0=0x0 (#38 na inst 0)
[  203.792029] amdgpu 0000:01:00.0: BC-250 sdma iv: cid=8 src=224 ring=0 vmid=0 pasid=0 data0=0x0 (#39 na inst 0)
[  203.792292] amdgpu 0000:01:00.0: BC-250 sdma iv: cid=8 src=224 ring=0 vmid=0 pasid=0 data0=0x0 (#40 na inst 0)
[  203.792302] amdgpu 0000:01:00.0: BC-250 sdma iv: cid=8 src=224 ring=0 vmid=0 pasid=0 data0=0x0 (#41 na inst 0)
[  203.792441] amdgpu 0000:01:00.0: BC-250 sdma iv: cid=8 src=224 ring=0 vmid=0 pasid=0 data0=0x0 (#42 na inst 0)
[  203.793666] amdgpu 0000:01:00.0: BC-250 sdma iv: cid=8 src=224 ring=0 vmid=0 pasid=0 data0=0x0 (#43 na inst 0)
[  203.793672] amdgpu 0000:01:00.0: BC-250 sdma iv: cid=8 src=224 ring=0 vmid=0 pasid=0 data0=0x0 (#44 na inst 0)
[  203.793720] amdgpu 0000:01:00.0: BC-250 sdma iv: cid=8 src=224 ring=0 vmid=0 pasid=0 data0=0x0 (#45 na inst 0)
[  203.793991] amdgpu 0000:01:00.0: BC-250 sdma iv: cid=8 src=224 ring=0 vmid=0 pasid=0 data0=0x0 (#46 na inst 0)
[  203.794002] amdgpu 0000:01:00.0: BC-250 sdma iv: cid=8 src=224 ring=0 vmid=0 pasid=0 data0=0x0 (#47 na inst 0)
[  203.794140] amdgpu 0000:01:00.0: BC-250 sdma iv: cid=8 src=224 ring=0 vmid=0 pasid=0 data0=0x0 (#48 na inst 0)
[  203.794151] amdgpu 0000:01:00.0: BC-250 sdma iv: cid=8 src=224 ring=0 vmid=0 pasid=0 data0=0x0 (#49 na inst 0)
[  203.794190] amdgpu 0000:01:00.0: BC-250 sdma iv: cid=8 src=224 ring=0 vmid=0 pasid=0 data0=0x0 (#50 na inst 0)
[  203.794202] amdgpu 0000:01:00.0: BC-250 sdma iv: cid=8 src=224 ring=0 vmid=0 pasid=0 data0=0x0 (#51 na inst 0)
[  203.794216] amdgpu 0000:01:00.0: BC-250 sdma iv: cid=8 src=224 ring=0 vmid=0 pasid=0 data0=0x0 (#52 na inst 0)
[  203.794228] amdgpu 0000:01:00.0: BC-250 sdma iv: cid=8 src=224 ring=0 vmid=0 pasid=0 data0=0x0 (#53 na inst 0)
[  203.794236] amdgpu 0000:01:00.0: BC-250 sdma iv: cid=8 src=224 ring=0 vmid=0 pasid=0 data0=0x0 (#54 na inst 0)
[  203.794247] amdgpu 0000:01:00.0: BC-250 sdma iv: cid=8 src=224 ring=0 vmid=0 pasid=0 data0=0x0 (#55 na inst 0)
[  203.794253] amdgpu 0000:01:00.0: BC-250 sdma iv: cid=8 src=224 ring=0 vmid=0 pasid=0 data0=0x0 (#56 na inst 0)
[  203.794264] amdgpu 0000:01:00.0: BC-250 sdma iv: cid=8 src=224 ring=0 vmid=0 pasid=0 data0=0x0 (#57 na inst 0)
[  203.794270] amdgpu 0000:01:00.0: BC-250 sdma iv: cid=8 src=224 ring=0 vmid=0 pasid=0 data0=0x0 (#58 na inst 0)
[  203.794324] amdgpu 0000:01:00.0: BC-250 sdma iv: cid=8 src=224 ring=0 vmid=0 pasid=0 data0=0x0 (#59 na inst 0)
[  203.794334] amdgpu 0000:01:00.0: BC-250 sdma iv: cid=8 src=224 ring=0 vmid=0 pasid=0 data0=0x0 (#60 na inst 0)
[  203.794341] amdgpu 0000:01:00.0: BC-250 sdma iv: cid=8 src=224 ring=0 vmid=0 pasid=0 data0=0x0 (#61 na inst 0)
[  204.017534] amdgpu 0000:01:00.0: BC-250 sdma iv: cid=8 src=224 ring=0 vmid=0 pasid=0 data0=0x0 (#62 na inst 0)
[  204.017556] amdgpu 0000:01:00.0: BC-250 sdma iv: cid=8 src=224 ring=0 vmid=0 pasid=0 data0=0x0 (#63 na inst 0)
[  204.017562] amdgpu 0000:01:00.0: BC-250 sdma iv: cid=8 src=224 ring=0 vmid=0 pasid=0 data0=0x0 (#64 na inst 0)
